ARM Linker, 5.03 [Build 76] [MDK-ARM Lite]

==============================================================================

Section Cross References

    startup.o(STACK) refers (Special) to heapauxi.o(.text) for __use_two_region_memory
    startup.o(HEAP) refers (Special) to heapauxi.o(.text) for __use_two_region_memory
    startup.o(RESET) refers (Special) to heapauxi.o(.text) for __use_two_region_memory
    startup.o(RESET) refers to startup.o(STACK) for StackMem
    startup.o(RESET) refers to spaceinvaders.o(i.Timer2A_Handler) for Timer2A_Handler
    startup.o(RESET) refers to texas.o(i.Timer4A_Handler) for Timer4A_Handler
    startup.o(RESET) refers to texas.o(i.Timer5A_Handler) for Timer5A_Handler
    startup.o(RESET) refers to __main.o(!!!main) for __main
    startup.o(.text) refers (Special) to heapauxi.o(.text) for __use_two_region_memory
    startup.o(.text) refers to startup.o(HEAP) for HeapMem
    startup.o(.text) refers to startup.o(STACK) for StackMem
    random.o(.text) refers to random.o(DATA) for M
    spaceinvaders.o(i.Delaaay) refers to spaceinvaders.o(i.disableTimer) for disableTimer
    spaceinvaders.o(i.Delaaay) refers to spaceinvaders.o(i.enableTimer) for enableTimer
    spaceinvaders.o(i.Drawing) refers to virtualnokia5110.o(i.Nokia5110_ClearBuffer) for Nokia5110_ClearBuffer
    spaceinvaders.o(i.Drawing) refers to virtualnokia5110.o(i.Nokia5110_Clear) for Nokia5110_Clear
    spaceinvaders.o(i.Drawing) refers to modelplayer.o(i.GetScreen) for GetScreen
    spaceinvaders.o(i.Drawing) refers to virtualnokia5110.o(i.Nokia5110_PrintBMP) for Nokia5110_PrintBMP
    spaceinvaders.o(i.Drawing) refers to modelplayer.o(i.GetY) for GetY
    spaceinvaders.o(i.Drawing) refers to modelplayer.o(i.GetX) for GetX
    spaceinvaders.o(i.Drawing) refers to virtualnokia5110.o(i.Nokia5110_DisplayBuffer) for Nokia5110_DisplayBuffer
    spaceinvaders.o(i.Drawing) refers to spaceinvaders.o(.constdata) for Cell
    spaceinvaders.o(i.Drawing) refers to spaceinvaders.o(.data) for BunkerY
    spaceinvaders.o(i.GameOver) refers to virtualnokia5110.o(i.Nokia5110_Clear) for Nokia5110_Clear
    spaceinvaders.o(i.GameOver) refers to virtualnokia5110.o(i.Nokia5110_SetCursor) for Nokia5110_SetCursor
    spaceinvaders.o(i.GameOver) refers to virtualnokia5110.o(i.Nokia5110_OutString) for Nokia5110_OutString
    spaceinvaders.o(i.GameOver) refers to modelplayer.o(i.GetScore) for GetScore
    spaceinvaders.o(i.GameOver) refers to virtualnokia5110.o(i.Nokia5110_OutUDec) for Nokia5110_OutUDec
    spaceinvaders.o(i.Init) refers to modelplayer.o(i.ball_init) for ball_init
    spaceinvaders.o(i.Init) refers to modelplayer.o(i.setScreen) for setScreen
    spaceinvaders.o(i.Init) refers to spaceinvaders.o(.data) for BunkerY
    spaceinvaders.o(i.Level) refers to virtualnokia5110.o(i.Nokia5110_Clear) for Nokia5110_Clear
    spaceinvaders.o(i.Level) refers to virtualnokia5110.o(i.Nokia5110_SetCursor) for Nokia5110_SetCursor
    spaceinvaders.o(i.Level) refers to virtualnokia5110.o(i.Nokia5110_OutString) for Nokia5110_OutString
    spaceinvaders.o(i.Level) refers to virtualnokia5110.o(i.Nokia5110_OutUDec) for Nokia5110_OutUDec
    spaceinvaders.o(i.Level) refers to spaceinvaders.o(i.Delaaay) for Delaaay
    spaceinvaders.o(i.Level) refers to spaceinvaders.o(i.Init) for Init
    spaceinvaders.o(i.Level) refers to modelplayer.o(i.setScreen) for setScreen
    spaceinvaders.o(i.Level) refers to modelplayer.o(i.GetLevel) for GetLevel
    spaceinvaders.o(i.Timer2A_Handler) refers to modelplayer.o(i.moveBall) for moveBall
    spaceinvaders.o(i.Timer2A_Handler) refers to modelplayer.o(i.GetLifes) for GetLifes
    spaceinvaders.o(i.Timer2A_Handler) refers to spaceinvaders.o(i.Init) for Init
    spaceinvaders.o(i.Timer2A_Handler) refers to spaceinvaders.o(i.Delaaay) for Delaaay
    spaceinvaders.o(i.Timer2A_Handler) refers to modelplayer.o(i.setScreen) for setScreen
    spaceinvaders.o(i.Timer2A_Handler) refers to spaceinvaders.o(i.Drawing) for Drawing
    spaceinvaders.o(i.Timer2A_Handler) refers to spaceinvaders.o(.data) for counterTimer
    spaceinvaders.o(i.Timer2_Init) refers to spaceinvaders.o(.data) for counterTimer
    spaceinvaders.o(i.WinGanme) refers to virtualnokia5110.o(i.Nokia5110_Clear) for Nokia5110_Clear
    spaceinvaders.o(i.WinGanme) refers to virtualnokia5110.o(i.Nokia5110_SetCursor) for Nokia5110_SetCursor
    spaceinvaders.o(i.WinGanme) refers to virtualnokia5110.o(i.Nokia5110_OutString) for Nokia5110_OutString
    spaceinvaders.o(i.instruction) refers to virtualnokia5110.o(i.Nokia5110_Clear) for Nokia5110_Clear
    spaceinvaders.o(i.instruction) refers to virtualnokia5110.o(i.Nokia5110_SetCursor) for Nokia5110_SetCursor
    spaceinvaders.o(i.instruction) refers to virtualnokia5110.o(i.Nokia5110_OutString) for Nokia5110_OutString
    spaceinvaders.o(i.instruction) refers to spaceinvaders.o(i.Delaaay) for Delaaay
    spaceinvaders.o(i.main) refers to texas.o(i.TExaS_Init) for TExaS_Init
    spaceinvaders.o(i.main) refers to virtualnokia5110.o(i.Nokia5110_Init) for Nokia5110_Init
    spaceinvaders.o(i.main) refers to spaceinvaders.o(i.PortF_Init) for PortF_Init
    spaceinvaders.o(i.main) refers to spaceinvaders.o(i.Timer2_Init) for Timer2_Init
    spaceinvaders.o(i.main) refers to modelplayer.o(i.initlevel) for initlevel
    spaceinvaders.o(i.main) refers to spaceinvaders.o(i.Init) for Init
    spaceinvaders.o(i.main) refers to virtualnokia5110.o(i.Nokia5110_ClearBuffer) for Nokia5110_ClearBuffer
    spaceinvaders.o(i.main) refers to spaceinvaders.o(i.start) for start
    spaceinvaders.o(i.main) refers to spaceinvaders.o(i.instruction) for instruction
    spaceinvaders.o(i.main) refers to spaceinvaders.o(i.Level) for Level
    spaceinvaders.o(i.main) refers to spaceinvaders.o(i.Drawing) for Drawing
    spaceinvaders.o(i.main) refers to modelplayer.o(i.GetLifes) for GetLifes
    spaceinvaders.o(i.main) refers to modelplayer.o(i.GetLevel) for GetLevel
    spaceinvaders.o(i.main) refers to modelplayer.o(i.GetScore) for GetScore
    spaceinvaders.o(i.main) refers to spaceinvaders.o(i.WinGanme) for WinGanme
    spaceinvaders.o(i.main) refers to spaceinvaders.o(i.disableTimer) for disableTimer
    spaceinvaders.o(i.main) refers to spaceinvaders.o(i.GameOver) for GameOver
    spaceinvaders.o(i.main) refers to spaceinvaders.o(.data) for life
    spaceinvaders.o(i.start) refers to virtualnokia5110.o(i.Nokia5110_Clear) for Nokia5110_Clear
    spaceinvaders.o(i.start) refers to virtualnokia5110.o(i.Nokia5110_SetCursor) for Nokia5110_SetCursor
    spaceinvaders.o(i.start) refers to virtualnokia5110.o(i.Nokia5110_OutString) for Nokia5110_OutString
    spaceinvaders.o(i.start) refers to spaceinvaders.o(i.Delaaay) for Delaaay
    texas.o(i.SetCode) refers to texas.o(.bss) for TExaS
    texas.o(i.SetCourse) refers to texas.o(.bss) for TExaS
    texas.o(i.SetMode) refers to texas.o(.bss) for TExaS
    texas.o(i.StartTimer4) refers to texas.o(.data) for ScopeCount
    texas.o(i.TExaS_Init) refers to texas.o(i.PLL_Init) for PLL_Init
    texas.o(i.TExaS_Init) refers to texas.o(i.SetCourse) for SetCourse
    texas.o(i.TExaS_Init) refers to texas.o(i.UART0_Init) for UART0_Init
    texas.o(i.TExaS_Init) refers to texas.o(i.SetCode) for SetCode
    texas.o(i.TExaS_Init) refers to texas.o(i.ADC1_Init) for ADC1_Init
    texas.o(i.TExaS_Init) refers to texas.o(.constdata) for IntroMsg
    texas.o(i.TExaS_Init) refers to texas.o(.bss) for TExaS
    texas.o(i.TExaS_Init) refers to texas.o(.data) for LastMode
    texas.o(i.Timer5A_Handler) refers to texas.o(i.ADC1_In) for ADC1_In
    texas.o(i.Timer5A_Handler) refers to texas.o(.data) for TExaS_Period
    virtualnokia5110.o(i.Nokia5110_Clear) refers to virtualnokia5110.o(i.lcdwrite) for lcdwrite
    virtualnokia5110.o(i.Nokia5110_Clear) refers to virtualnokia5110.o(i.Nokia5110_SetCursor) for Nokia5110_SetCursor
    virtualnokia5110.o(i.Nokia5110_ClearBuffer) refers to virtualnokia5110.o(.bss) for Screen
    virtualnokia5110.o(i.Nokia5110_DisplayBuffer) refers to virtualnokia5110.o(i.Nokia5110_DrawingFullImage) for Nokia5110_DrawingFullImage
    virtualnokia5110.o(i.Nokia5110_DisplayBuffer) refers to virtualnokia5110.o(.bss) for Screen
    virtualnokia5110.o(i.Nokia5110_DrawingFullImage) refers to virtualnokia5110.o(i.Nokia5110_SetCursor) for Nokia5110_SetCursor
    virtualnokia5110.o(i.Nokia5110_DrawingFullImage) refers to virtualnokia5110.o(i.lcdwrite) for lcdwrite
    virtualnokia5110.o(i.Nokia5110_Init) refers to virtualnokia5110.o(i.lcdwrite) for lcdwrite
    virtualnokia5110.o(i.Nokia5110_OutChar) refers to virtualnokia5110.o(i.lcdwrite) for lcdwrite
    virtualnokia5110.o(i.Nokia5110_OutChar) refers to virtualnokia5110.o(.constdata) for ASCII
    virtualnokia5110.o(i.Nokia5110_OutString) refers to virtualnokia5110.o(i.Nokia5110_OutChar) for Nokia5110_OutChar
    virtualnokia5110.o(i.Nokia5110_OutUDec) refers to virtualnokia5110.o(i.Nokia5110_OutString) for Nokia5110_OutString
    virtualnokia5110.o(i.Nokia5110_OutUDec) refers to virtualnokia5110.o(i.Nokia5110_OutChar) for Nokia5110_OutChar
    virtualnokia5110.o(i.Nokia5110_PrintBMP) refers to virtualnokia5110.o(.bss) for Screen
    virtualnokia5110.o(i.Nokia5110_SetCursor) refers to virtualnokia5110.o(i.lcdwrite) for lcdwrite
    modelplayer.o(i.ChangeDiraction) refers to rand.o(.emb_text) for rand
    modelplayer.o(i.ChangeDiraction) refers to modelplayer.o(.data) for d
    modelplayer.o(i.EditScore) refers to modelplayer.o(.data) for score
    modelplayer.o(i.GetD) refers to modelplayer.o(.data) for d
    modelplayer.o(i.GetLevel) refers to modelplayer.o(.data) for level
    modelplayer.o(i.GetLifes) refers to modelplayer.o(.data) for lifes
    modelplayer.o(i.GetScore) refers to modelplayer.o(.data) for score
    modelplayer.o(i.GetScreen) refers to modelplayer.o(.bss) for screen
    modelplayer.o(i.GetX) refers to modelplayer.o(.data) for x
    modelplayer.o(i.GetY) refers to modelplayer.o(.data) for y
    modelplayer.o(i.ball_State) refers to modelplayer.o(i.EditScore) for EditScore
    modelplayer.o(i.ball_State) refers to modelplayer.o(.bss) for screen
    modelplayer.o(i.ball_deleteCell) refers to modelplayer.o(i.ball_State) for ball_State
    modelplayer.o(i.ball_deleteCell) refers to modelplayer.o(i.EditScore) for EditScore
    modelplayer.o(i.ball_deleteCell) refers to modelplayer.o(.data) for x
    modelplayer.o(i.ball_deleteCell) refers to modelplayer.o(.bss) for screen
    modelplayer.o(i.ball_init) refers to modelplayer.o(.data) for d
    modelplayer.o(i.changeStates) refers to modelplayer.o(i.ChangeDiraction) for ChangeDiraction
    modelplayer.o(i.changeStates) refers to modelplayer.o(i.ball_deleteCell) for ball_deleteCell
    modelplayer.o(i.changeStates) refers to modelplayer.o(.data) for lifes
    modelplayer.o(i.initlevel) refers to modelplayer.o(.data) for score
    modelplayer.o(i.moveBall) refers to modelplayer.o(i.ball_State) for ball_State
    modelplayer.o(i.moveBall) refers to modelplayer.o(i.changeStates) for changeStates
    modelplayer.o(i.moveBall) refers to modelplayer.o(.data) for d
    modelplayer.o(i.setD) refers to modelplayer.o(.data) for d
    modelplayer.o(i.setLevel) refers to modelplayer.o(.data) for level
    modelplayer.o(i.setLifes) refers to modelplayer.o(.data) for lifes
    modelplayer.o(i.setScore) refers to modelplayer.o(.data) for score
    modelplayer.o(i.setScreen) refers to modelplayer.o(.bss) for screen
    modelplayer.o(i.setX) refers to modelplayer.o(.data) for x
    modelplayer.o(i.setY) refers to modelplayer.o(.data) for y
    rand.o(.emb_text) refers (Special) to libinit2.o(.ARM.Collect$$libinit$$0000000B) for __rt_lib_init_rand_2
    rand.o(.emb_text) refers to rand.o(.text) for _rand_init
    rand.o(.emb_text) refers to rand.o(.bss) for _random_number_data
    rand.o(.text) refers (Special) to libinit2.o(.ARM.Collect$$libinit$$0000000B) for __rt_lib_init_rand_2
    rand.o(.text) refers to rand.o(.bss) for .bss
    rand.o(.bss) refers (Special) to libinit2.o(.ARM.Collect$$libinit$$0000000B) for __rt_lib_init_rand_2
    __main.o(!!!main) refers to rtentry.o(.ARM.Collect$$rtentry$$00000000) for __rt_entry
    rtentry.o(.ARM.Collect$$rtentry$$00000000) refers (Special) to rtentry2.o(.ARM.Collect$$rtentry$$0000000A) for __rt_entry_li
    rtentry.o(.ARM.Collect$$rtentry$$00000000) refers (Special) to rtentry2.o(.ARM.Collect$$rtentry$$0000000D) for __rt_entry_main
    rtentry.o(.ARM.Collect$$rtentry$$00000000) refers (Special) to rtentry2.o(.ARM.Collect$$rtentry$$0000000C) for __rt_entry_postli_1
    rtentry.o(.ARM.Collect$$rtentry$$00000000) refers (Special) to rtentry2.o(.ARM.Collect$$rtentry$$00000009) for __rt_entry_postsh_1
    rtentry.o(.ARM.Collect$$rtentry$$00000000) refers (Special) to rtentry2.o(.ARM.Collect$$rtentry$$00000002) for __rt_entry_presh_1
    rtentry.o(.ARM.Collect$$rtentry$$00000000) refers (Special) to rtentry4.o(.ARM.Collect$$rtentry$$00000004) for __rt_entry_sh
    libinit2.o(.ARM.Collect$$libinit$$0000000B) refers (Weak) to rand.o(.text) for _rand_init
    libinit2.o(.ARM.Collect$$libinit$$0000000E) refers to libinit2.o(.ARM.Collect$$libinit$$0000000D) for .ARM.Collect$$libinit$$0000000D
    libinit2.o(.ARM.Collect$$libinit$$00000010) refers to libinit2.o(.ARM.Collect$$libinit$$0000000D) for .ARM.Collect$$libinit$$0000000D
    libinit2.o(.ARM.Collect$$libinit$$00000012) refers to libinit2.o(.ARM.Collect$$libinit$$0000000D) for .ARM.Collect$$libinit$$0000000D
    libinit2.o(.ARM.Collect$$libinit$$00000014) refers to libinit2.o(.ARM.Collect$$libinit$$0000000D) for .ARM.Collect$$libinit$$0000000D
    libinit2.o(.ARM.Collect$$libinit$$00000016) refers to libinit2.o(.ARM.Collect$$libinit$$0000000D) for .ARM.Collect$$libinit$$0000000D
    libinit2.o(.ARM.Collect$$libinit$$00000024) refers to argv_veneer.o(.emb_text) for __ARM_argv_veneer
    libinit2.o(.ARM.Collect$$libinit$$00000025) refers to argv_veneer.o(.emb_text) for __ARM_argv_veneer
    rtentry2.o(.ARM.Collect$$rtentry$$00000008) refers to boardinit2.o(.text) for _platform_post_stackheap_init
    rtentry2.o(.ARM.Collect$$rtentry$$0000000A) refers to libinit.o(.ARM.Collect$$libinit$$00000000) for __rt_lib_init
    rtentry2.o(.ARM.Collect$$rtentry$$0000000B) refers to boardinit3.o(.text) for _platform_post_lib_init
    rtentry2.o(.ARM.Collect$$rtentry$$0000000D) refers to spaceinvaders.o(i.main) for main
    rtentry2.o(.ARM.Collect$$rtentry$$0000000D) refers to exit.o(.text) for exit
    rtentry2.o(.ARM.exidx) refers to rtentry2.o(.ARM.Collect$$rtentry$$00000001) for .ARM.Collect$$rtentry$$00000001
    rtentry2.o(.ARM.exidx) refers to rtentry2.o(.ARM.Collect$$rtentry$$00000008) for .ARM.Collect$$rtentry$$00000008
    rtentry2.o(.ARM.exidx) refers to rtentry2.o(.ARM.Collect$$rtentry$$0000000A) for .ARM.Collect$$rtentry$$0000000A
    rtentry2.o(.ARM.exidx) refers to rtentry2.o(.ARM.Collect$$rtentry$$0000000B) for .ARM.Collect$$rtentry$$0000000B
    rtentry2.o(.ARM.exidx) refers to rtentry2.o(.ARM.Collect$$rtentry$$0000000D) for .ARM.Collect$$rtentry$$0000000D
    rtentry4.o(.ARM.Collect$$rtentry$$00000004) refers to sys_stackheap_outer.o(.text) for __user_setup_stackheap
    rtentry4.o(.ARM.exidx) refers to rtentry4.o(.ARM.Collect$$rtentry$$00000004) for .ARM.Collect$$rtentry$$00000004
    argv_veneer.o(.emb_text) refers to no_argv.o(.text) for __ARM_get_argv
    sys_stackheap_outer.o(.text) refers to libspace.o(.text) for __user_perproc_libspace
    sys_stackheap_outer.o(.text) refers to startup.o(.text) for __user_initial_stackheap
    exit.o(.text) refers to rtexit.o(.ARM.Collect$$rtexit$$00000000) for __rt_exit
    _get_argv_nomalloc.o(.text) refers (Special) to hrguard.o(.text) for __heap_region$guard
    _get_argv_nomalloc.o(.text) refers to defsig_rtmem_outer.o(.text) for __rt_SIGRTMEM
    _get_argv_nomalloc.o(.text) refers to sys_command.o(.text) for _sys_command_string
    libinit.o(.ARM.Collect$$libinit$$00000000) refers (Special) to libinit2.o(.ARM.Collect$$libinit$$0000002C) for __rt_lib_init_alloca_1
    libinit.o(.ARM.Collect$$libinit$$00000000) refers (Special) to libinit2.o(.ARM.Collect$$libinit$$0000002A) for __rt_lib_init_argv_1
    libinit.o(.ARM.Collect$$libinit$$00000000) refers (Special) to libinit2.o(.ARM.Collect$$libinit$$00000019) for __rt_lib_init_atexit_1
    libinit.o(.ARM.Collect$$libinit$$00000000) refers (Special) to libinit2.o(.ARM.Collect$$libinit$$0000001F) for __rt_lib_init_clock_1
    libinit.o(.ARM.Collect$$libinit$$00000000) refers (Special) to libinit2.o(.ARM.Collect$$libinit$$00000030) for __rt_lib_init_cpp_1
    libinit.o(.ARM.Collect$$libinit$$00000000) refers (Special) to libinit2.o(.ARM.Collect$$libinit$$0000002E) for __rt_lib_init_exceptions_1
    libinit.o(.ARM.Collect$$libinit$$00000000) refers (Special) to libinit2.o(.ARM.Collect$$libinit$$00000002) for __rt_lib_init_fp_1
    libinit.o(.ARM.Collect$$libinit$$00000000) refers (Special) to libinit2.o(.ARM.Collect$$libinit$$0000001D) for __rt_lib_init_fp_trap_1
    libinit.o(.ARM.Collect$$libinit$$00000000) refers (Special) to libinit2.o(.ARM.Collect$$libinit$$00000021) for __rt_lib_init_getenv_1
    libinit.o(.ARM.Collect$$libinit$$00000000) refers (Special) to libinit2.o(.ARM.Collect$$libinit$$00000008) for __rt_lib_init_heap_1
    libinit.o(.ARM.Collect$$libinit$$00000000) refers (Special) to libinit2.o(.ARM.Collect$$libinit$$0000000F) for __rt_lib_init_lc_collate_1
    libinit.o(.ARM.Collect$$libinit$$00000000) refers (Special) to libinit2.o(.ARM.Collect$$libinit$$00000011) for __rt_lib_init_lc_ctype_1
    libinit.o(.ARM.Collect$$libinit$$00000000) refers (Special) to libinit2.o(.ARM.Collect$$libinit$$00000013) for __rt_lib_init_lc_monetary_1
    libinit.o(.ARM.Collect$$libinit$$00000000) refers (Special) to libinit2.o(.ARM.Collect$$libinit$$00000015) for __rt_lib_init_lc_numeric_1
    libinit.o(.ARM.Collect$$libinit$$00000000) refers (Special) to libinit2.o(.ARM.Collect$$libinit$$00000017) for __rt_lib_init_lc_time_1
    libinit.o(.ARM.Collect$$libinit$$00000000) refers (Special) to libinit2.o(.ARM.Collect$$libinit$$0000000C) for __rt_lib_init_rand_1
    libinit.o(.ARM.Collect$$libinit$$00000000) refers (Special) to libinit2.o(.ARM.Collect$$libinit$$00000031) for __rt_lib_init_return
    libinit.o(.ARM.Collect$$libinit$$00000000) refers (Special) to libinit2.o(.ARM.Collect$$libinit$$0000001B) for __rt_lib_init_signal_1
    libinit.o(.ARM.Collect$$libinit$$00000000) refers (Special) to libinit2.o(.ARM.Collect$$libinit$$00000023) for __rt_lib_init_stdio_1
    libinit.o(.ARM.Collect$$libinit$$00000000) refers (Special) to libinit2.o(.ARM.Collect$$libinit$$0000000A) for __rt_lib_init_user_alloc_1
    sys_command.o(.text) refers (Special) to use_no_semi.o(.text) for __I$use$semihosting
    sys_command.o(.text) refers (Special) to indicate_semi.o(.text) for __semihosting_library_function
    libspace.o(.text) refers to libspace.o(.bss) for __libspace_start
    rtexit.o(.ARM.Collect$$rtexit$$00000000) refers (Special) to rtexit2.o(.ARM.Collect$$rtexit$$00000004) for __rt_exit_exit
    rtexit.o(.ARM.Collect$$rtexit$$00000000) refers (Special) to rtexit2.o(.ARM.Collect$$rtexit$$00000003) for __rt_exit_ls
    rtexit.o(.ARM.Collect$$rtexit$$00000000) refers (Special) to rtexit2.o(.ARM.Collect$$rtexit$$00000002) for __rt_exit_prels_1
    rtexit.o(.ARM.exidx) refers (Special) to rtexit2.o(.ARM.Collect$$rtexit$$00000004) for __rt_exit_exit
    rtexit.o(.ARM.exidx) refers (Special) to rtexit2.o(.ARM.Collect$$rtexit$$00000003) for __rt_exit_ls
    rtexit.o(.ARM.exidx) refers (Special) to rtexit2.o(.ARM.Collect$$rtexit$$00000002) for __rt_exit_prels_1
    rtexit.o(.ARM.exidx) refers to rtexit.o(.ARM.Collect$$rtexit$$00000000) for .ARM.Collect$$rtexit$$00000000
    defsig_rtmem_outer.o(.text) refers to defsig_rtmem_inner.o(.text) for __rt_SIGRTMEM_inner
    defsig_rtmem_outer.o(.text) refers to defsig_exit.o(.text) for __sig_exit
    defsig_rtmem_formal.o(.text) refers to rt_raise.o(.text) for __rt_raise
    rtexit2.o(.ARM.Collect$$rtexit$$00000003) refers to libshutdown.o(.ARM.Collect$$libshutdown$$00000000) for __rt_lib_shutdown
    rtexit2.o(.ARM.Collect$$rtexit$$00000004) refers to sys_exit.o(.text) for _sys_exit
    rtexit2.o(.ARM.exidx) refers to rtexit2.o(.ARM.Collect$$rtexit$$00000001) for .ARM.Collect$$rtexit$$00000001
    rtexit2.o(.ARM.exidx) refers to rtexit2.o(.ARM.Collect$$rtexit$$00000003) for .ARM.Collect$$rtexit$$00000003
    rtexit2.o(.ARM.exidx) refers to rtexit2.o(.ARM.Collect$$rtexit$$00000004) for .ARM.Collect$$rtexit$$00000004
    rt_raise.o(.text) refers to __raise.o(.text) for __raise
    rt_raise.o(.text) refers to sys_exit.o(.text) for _sys_exit
    defsig_exit.o(.text) refers to sys_exit.o(.text) for _sys_exit
    defsig_rtmem_inner.o(.text) refers to defsig_general.o(.text) for __default_signal_display
    sys_exit.o(.text) refers (Special) to use_no_semi.o(.text) for __I$use$semihosting
    sys_exit.o(.text) refers (Special) to indicate_semi.o(.text) for __semihosting_library_function
    __raise.o(.text) refers to defsig.o(CL$$defsig) for __default_signal_handler
    defsig_general.o(.text) refers to sys_wrch.o(.text) for _ttywrch
    libshutdown.o(.ARM.Collect$$libshutdown$$00000000) refers (Special) to libshutdown2.o(.ARM.Collect$$libshutdown$$00000006) for __rt_lib_shutdown_fp_trap_1
    libshutdown.o(.ARM.Collect$$libshutdown$$00000000) refers (Special) to libshutdown2.o(.ARM.Collect$$libshutdown$$0000000E) for __rt_lib_shutdown_heap_1
    libshutdown.o(.ARM.Collect$$libshutdown$$00000000) refers (Special) to libshutdown2.o(.ARM.Collect$$libshutdown$$0000000F) for __rt_lib_shutdown_return
    libshutdown.o(.ARM.Collect$$libshutdown$$00000000) refers (Special) to libshutdown2.o(.ARM.Collect$$libshutdown$$00000009) for __rt_lib_shutdown_signal_1
    libshutdown.o(.ARM.Collect$$libshutdown$$00000000) refers (Special) to libshutdown2.o(.ARM.Collect$$libshutdown$$00000003) for __rt_lib_shutdown_stdio_1
    libshutdown.o(.ARM.Collect$$libshutdown$$00000000) refers (Special) to libshutdown2.o(.ARM.Collect$$libshutdown$$0000000B) for __rt_lib_shutdown_user_alloc_1
    sys_wrch.o(.text) refers (Special) to use_no_semi.o(.text) for __I$use$semihosting
    sys_wrch.o(.text) refers (Special) to indicate_semi.o(.text) for __semihosting_library_function
    defsig.o(CL$$defsig) refers to defsig_rtmem_inner.o(.text) for __rt_SIGRTMEM_inner
    defsig_abrt_inner.o(.text) refers to defsig_general.o(.text) for __default_signal_display
    defsig_fpe_inner.o(.text) refers to defsig_general.o(.text) for __default_signal_display
    defsig_rtred_inner.o(.text) refers to defsig_general.o(.text) for __default_signal_display
    defsig_stak_inner.o(.text) refers to defsig_general.o(.text) for __default_signal_display
    defsig_pvfn_inner.o(.text) refers to defsig_general.o(.text) for __default_signal_display
    defsig_cppl_inner.o(.text) refers to defsig_general.o(.text) for __default_signal_display
    defsig_segv_inner.o(.text) refers to defsig_general.o(.text) for __default_signal_display
    defsig_other.o(.text) refers to defsig_general.o(.text) for __default_signal_display


==============================================================================

Removing Unused input sections from the image.

    Removing random.o(DATA), (4 bytes).
    Removing random.o(.text), (40 bytes).
    Removing spaceinvaders.o(.bss), (1008 bytes).
    Removing texas.o(i.SetMode), (24 bytes).
    Removing texas.o(i.StartTimer4), (36 bytes).
    Removing texas.o(i.StopTimer4), (24 bytes).
    Removing texas.o(i.TExaS_Stop), (28 bytes).
    Removing texas.o(i.UART0_InChar), (24 bytes).
    Removing texas.o(i.UART0_InCharNonBlocking), (28 bytes).
    Removing texas.o(i.UART0_OutChar), (24 bytes).
    Removing texas.o(i.UART0_OutCharNonBlock), (12 bytes).
    Removing texas.o(i.copy), (18 bytes).
    Removing modelplayer.o(i.GetD), (12 bytes).
    Removing modelplayer.o(i.setD), (12 bytes).
    Removing modelplayer.o(i.setLevel), (12 bytes).
    Removing modelplayer.o(i.setLifes), (12 bytes).
    Removing modelplayer.o(i.setScore), (12 bytes).
    Removing modelplayer.o(i.setX), (12 bytes).
    Removing modelplayer.o(i.setY), (12 bytes).
    Removing modelplayer.o(.constdata), (615 bytes).

20 unused section(s) (total 1969 bytes) removed from the image.

==============================================================================

Image Symbol Table

    Local Symbols

    Symbol Name                              Value     Ov Type        Size  Object(Section)

    RESET                                    0x00000000   Section      644  startup.o(RESET)
    ../clib/angel/boardlib.s                 0x00000000   Number         0  boardshut.o ABSOLUTE
    ../clib/angel/boardlib.s                 0x00000000   Number         0  boardinit3.o ABSOLUTE
    ../clib/angel/boardlib.s                 0x00000000   Number         0  boardinit2.o ABSOLUTE
    ../clib/angel/boardlib.s                 0x00000000   Number         0  boardinit1.o ABSOLUTE
    ../clib/angel/handlers.s                 0x00000000   Number         0  __scatter_zi.o ABSOLUTE
    ../clib/angel/handlers.s                 0x00000000   Number         0  __scatter_copy.o ABSOLUTE
    ../clib/angel/kernel.s                   0x00000000   Number         0  rtexit.o ABSOLUTE
    ../clib/angel/kernel.s                   0x00000000   Number         0  rtentry.o ABSOLUTE
    ../clib/angel/kernel.s                   0x00000000   Number         0  rtexit2.o ABSOLUTE
    ../clib/angel/kernel.s                   0x00000000   Number         0  rtentry4.o ABSOLUTE
    ../clib/angel/kernel.s                   0x00000000   Number         0  rtentry2.o ABSOLUTE
    ../clib/angel/rt.s                       0x00000000   Number         0  rt_raise.o ABSOLUTE
    ../clib/angel/scatter.s                  0x00000000   Number         0  __scatter.o ABSOLUTE
    ../clib/angel/startup.s                  0x00000000   Number         0  __main.o ABSOLUTE
    ../clib/angel/sys.s                      0x00000000   Number         0  libspace.o ABSOLUTE
    ../clib/angel/sys.s                      0x00000000   Number         0  use_no_semi.o ABSOLUTE
    ../clib/angel/sys.s                      0x00000000   Number         0  indicate_semi.o ABSOLUTE
    ../clib/angel/sys.s                      0x00000000   Number         0  sys_stackheap_outer.o ABSOLUTE
    ../clib/angel/sysapp.c                   0x00000000   Number         0  sys_command.o ABSOLUTE
    ../clib/angel/sysapp.c                   0x00000000   Number         0  sys_wrch.o ABSOLUTE
    ../clib/angel/sysapp.c                   0x00000000   Number         0  sys_exit.o ABSOLUTE
    ../clib/armsys.c                         0x00000000   Number         0  no_argv.o ABSOLUTE
    ../clib/armsys.c                         0x00000000   Number         0  _get_argv_nomalloc.o ABSOLUTE
    ../clib/armsys.c                         0x00000000   Number         0  argv_veneer.o ABSOLUTE
    ../clib/armsys.c                         0x00000000   Number         0  argv_veneer.o ABSOLUTE
    ../clib/heapalloc.c                      0x00000000   Number         0  hrguard.o ABSOLUTE
    ../clib/heapaux.c                        0x00000000   Number         0  heapauxi.o ABSOLUTE
    ../clib/libinit.s                        0x00000000   Number         0  libshutdown.o ABSOLUTE
    ../clib/libinit.s                        0x00000000   Number         0  libinit.o ABSOLUTE
    ../clib/libinit.s                        0x00000000   Number         0  libinit2.o ABSOLUTE
    ../clib/libinit.s                        0x00000000   Number         0  libshutdown2.o ABSOLUTE
    ../clib/signal.c                         0x00000000   Number         0  defsig_abrt_inner.o ABSOLUTE
    ../clib/signal.c                         0x00000000   Number         0  defsig_cppl_inner.o ABSOLUTE
    ../clib/signal.c                         0x00000000   Number         0  defsig_general.o ABSOLUTE
    ../clib/signal.c                         0x00000000   Number         0  __raise.o ABSOLUTE
    ../clib/signal.c                         0x00000000   Number         0  defsig_rtred_inner.o ABSOLUTE
    ../clib/signal.c                         0x00000000   Number         0  defsig_rtmem_outer.o ABSOLUTE
    ../clib/signal.c                         0x00000000   Number         0  defsig_rtmem_formal.o ABSOLUTE
    ../clib/signal.c                         0x00000000   Number         0  defsig_rtmem_inner.o ABSOLUTE
    ../clib/signal.c                         0x00000000   Number         0  defsig_other.o ABSOLUTE
    ../clib/signal.c                         0x00000000   Number         0  defsig_segv_inner.o ABSOLUTE
    ../clib/signal.c                         0x00000000   Number         0  defsig_exit.o ABSOLUTE
    ../clib/signal.c                         0x00000000   Number         0  defsig_pvfn_inner.o ABSOLUTE
    ../clib/signal.c                         0x00000000   Number         0  defsig_stak_inner.o ABSOLUTE
    ../clib/signal.c                         0x00000000   Number         0  defsig_fpe_inner.o ABSOLUTE
    ../clib/signal.s                         0x00000000   Number         0  defsig.o ABSOLUTE
    ../clib/stdlib.c                         0x00000000   Number         0  exit.o ABSOLUTE
    ../clib/stdlib.c                         0x00000000   Number         0  rand.o ABSOLUTE
    ../clib/stdlib.c                         0x00000000   Number         0  rand.o ABSOLUTE
    ../fplib/fpinit.s                        0x00000000   Number         0  fpinit.o ABSOLUTE
    ModelPlayer.c                            0x00000000   Number         0  modelplayer.o ABSOLUTE
    SpaceInvaders.c                          0x00000000   Number         0  spaceinvaders.o ABSOLUTE
    TExaS.c                                  0x00000000   Number         0  texas.o ABSOLUTE
    VirtualNokia5110.c                       0x00000000   Number         0  virtualnokia5110.o ABSOLUTE
    dc.s                                     0x00000000   Number         0  dc.o ABSOLUTE
    random.s                                 0x00000000   Number         0  random.o ABSOLUTE
    startup.s                                0x00000000   Number         0  startup.o ABSOLUTE
    !!!main                                  0x00000284   Section        8  __main.o(!!!main)
    !!!scatter                               0x0000028c   Section       52  __scatter.o(!!!scatter)
    !!handler_copy                           0x000002c0   Section       26  __scatter_copy.o(!!handler_copy)
    !!handler_zi                             0x000002dc   Section       28  __scatter_zi.o(!!handler_zi)
    .ARM.Collect$$libinit$$00000000          0x000002f8   Section        2  libinit.o(.ARM.Collect$$libinit$$00000000)
    .ARM.Collect$$libinit$$00000002          0x000002fa   Section        0  libinit2.o(.ARM.Collect$$libinit$$00000002)
    .ARM.Collect$$libinit$$00000008          0x000002fa   Section        0  libinit2.o(.ARM.Collect$$libinit$$00000008)
    .ARM.Collect$$libinit$$0000000A          0x000002fa   Section        0  libinit2.o(.ARM.Collect$$libinit$$0000000A)
    .ARM.Collect$$libinit$$0000000B          0x000002fa   Section        4  libinit2.o(.ARM.Collect$$libinit$$0000000B)
    .ARM.Collect$$libinit$$0000000C          0x000002fe   Section        0  libinit2.o(.ARM.Collect$$libinit$$0000000C)
    .ARM.Collect$$libinit$$0000000F          0x000002fe   Section        0  libinit2.o(.ARM.Collect$$libinit$$0000000F)
    .ARM.Collect$$libinit$$00000011          0x000002fe   Section        0  libinit2.o(.ARM.Collect$$libinit$$00000011)
    .ARM.Collect$$libinit$$00000013          0x000002fe   Section        0  libinit2.o(.ARM.Collect$$libinit$$00000013)
    .ARM.Collect$$libinit$$00000015          0x000002fe   Section        0  libinit2.o(.ARM.Collect$$libinit$$00000015)
    .ARM.Collect$$libinit$$00000017          0x000002fe   Section        0  libinit2.o(.ARM.Collect$$libinit$$00000017)
    .ARM.Collect$$libinit$$00000019          0x000002fe   Section        0  libinit2.o(.ARM.Collect$$libinit$$00000019)
    .ARM.Collect$$libinit$$0000001B          0x000002fe   Section        0  libinit2.o(.ARM.Collect$$libinit$$0000001B)
    .ARM.Collect$$libinit$$0000001D          0x000002fe   Section        0  libinit2.o(.ARM.Collect$$libinit$$0000001D)
    .ARM.Collect$$libinit$$0000001F          0x000002fe   Section        0  libinit2.o(.ARM.Collect$$libinit$$0000001F)
    .ARM.Collect$$libinit$$00000021          0x000002fe   Section        0  libinit2.o(.ARM.Collect$$libinit$$00000021)
    .ARM.Collect$$libinit$$00000023          0x000002fe   Section        0  libinit2.o(.ARM.Collect$$libinit$$00000023)
    .ARM.Collect$$libinit$$0000002A          0x000002fe   Section        0  libinit2.o(.ARM.Collect$$libinit$$0000002A)
    .ARM.Collect$$libinit$$0000002C          0x000002fe   Section        0  libinit2.o(.ARM.Collect$$libinit$$0000002C)
    .ARM.Collect$$libinit$$0000002E          0x000002fe   Section        0  libinit2.o(.ARM.Collect$$libinit$$0000002E)
    .ARM.Collect$$libinit$$00000030          0x000002fe   Section        0  libinit2.o(.ARM.Collect$$libinit$$00000030)
    .ARM.Collect$$libinit$$00000031          0x000002fe   Section        2  libinit2.o(.ARM.Collect$$libinit$$00000031)
    .ARM.Collect$$libshutdown$$00000000      0x00000300   Section        2  libshutdown.o(.ARM.Collect$$libshutdown$$00000000)
    .ARM.Collect$$libshutdown$$00000003      0x00000302   Section        0  libshutdown2.o(.ARM.Collect$$libshutdown$$00000003)
    .ARM.Collect$$libshutdown$$00000006      0x00000302   Section        0  libshutdown2.o(.ARM.Collect$$libshutdown$$00000006)
    .ARM.Collect$$libshutdown$$00000009      0x00000302   Section        0  libshutdown2.o(.ARM.Collect$$libshutdown$$00000009)
    .ARM.Collect$$libshutdown$$0000000B      0x00000302   Section        0  libshutdown2.o(.ARM.Collect$$libshutdown$$0000000B)
    .ARM.Collect$$libshutdown$$0000000E      0x00000302   Section        0  libshutdown2.o(.ARM.Collect$$libshutdown$$0000000E)
    .ARM.Collect$$libshutdown$$0000000F      0x00000302   Section        2  libshutdown2.o(.ARM.Collect$$libshutdown$$0000000F)
    .ARM.Collect$$rtentry$$00000000          0x00000304   Section        0  rtentry.o(.ARM.Collect$$rtentry$$00000000)
    .ARM.Collect$$rtentry$$00000002          0x00000304   Section        0  rtentry2.o(.ARM.Collect$$rtentry$$00000002)
    .ARM.Collect$$rtentry$$00000004          0x00000304   Section        6  rtentry4.o(.ARM.Collect$$rtentry$$00000004)
    .ARM.Collect$$rtentry$$00000009          0x0000030a   Section        0  rtentry2.o(.ARM.Collect$$rtentry$$00000009)
    .ARM.Collect$$rtentry$$0000000A          0x0000030a   Section        4  rtentry2.o(.ARM.Collect$$rtentry$$0000000A)
    .ARM.Collect$$rtentry$$0000000C          0x0000030e   Section        0  rtentry2.o(.ARM.Collect$$rtentry$$0000000C)
    .ARM.Collect$$rtentry$$0000000D          0x0000030e   Section        8  rtentry2.o(.ARM.Collect$$rtentry$$0000000D)
    .ARM.Collect$$rtexit$$00000000           0x00000316   Section        2  rtexit.o(.ARM.Collect$$rtexit$$00000000)
    .ARM.Collect$$rtexit$$00000002           0x00000318   Section        0  rtexit2.o(.ARM.Collect$$rtexit$$00000002)
    .ARM.Collect$$rtexit$$00000003           0x00000318   Section        4  rtexit2.o(.ARM.Collect$$rtexit$$00000003)
    .ARM.Collect$$rtexit$$00000004           0x0000031c   Section        6  rtexit2.o(.ARM.Collect$$rtexit$$00000004)
    .emb_text                                0x00000324   Section       52  rand.o(.emb_text)
    .text                                    0x00000358   Section       48  startup.o(.text)
    .text                                    0x00000388   Section        0  rand.o(.text)
    .text                                    0x000003c4   Section        0  heapauxi.o(.text)
    .text                                    0x000003ca   Section       74  sys_stackheap_outer.o(.text)
    .text                                    0x00000414   Section        0  exit.o(.text)
    .text                                    0x00000420   Section        8  libspace.o(.text)
    .text                                    0x00000428   Section        2  use_no_semi.o(.text)
    .text                                    0x0000042a   Section        0  indicate_semi.o(.text)
    .text                                    0x0000042c   Section        0  sys_exit.o(.text)
    i.ADC1_In                                0x00000438   Section        0  texas.o(i.ADC1_In)
    i.ADC1_Init                              0x00000444   Section        0  texas.o(i.ADC1_Init)
    i.ChangeDiraction                        0x00000518   Section        0  modelplayer.o(i.ChangeDiraction)
    i.Delaaay                                0x000005b8   Section        0  spaceinvaders.o(i.Delaaay)
    i.Drawing                                0x000005e4   Section        0  spaceinvaders.o(i.Drawing)
    i.EditScore                              0x0000068c   Section        0  modelplayer.o(i.EditScore)
    i.GameOver                               0x000006a8   Section        0  spaceinvaders.o(i.GameOver)
    i.GetLevel                               0x000006fc   Section        0  modelplayer.o(i.GetLevel)
    i.GetLifes                               0x00000708   Section        0  modelplayer.o(i.GetLifes)
    i.GetScore                               0x00000714   Section        0  modelplayer.o(i.GetScore)
    i.GetScreen                              0x00000720   Section        0  modelplayer.o(i.GetScreen)
    i.GetX                                   0x0000073c   Section        0  modelplayer.o(i.GetX)
    i.GetY                                   0x00000748   Section        0  modelplayer.o(i.GetY)
    i.Init                                   0x00000754   Section        0  spaceinvaders.o(i.Init)
    i.Level                                  0x000007a4   Section        0  spaceinvaders.o(i.Level)
    i.Nokia5110_Clear                        0x0000080c   Section        0  virtualnokia5110.o(i.Nokia5110_Clear)
    i.Nokia5110_ClearBuffer                  0x0000082c   Section        0  virtualnokia5110.o(i.Nokia5110_ClearBuffer)
    i.Nokia5110_DisplayBuffer                0x00000844   Section        0  virtualnokia5110.o(i.Nokia5110_DisplayBuffer)
    i.Nokia5110_DrawingFullImage             0x00000854   Section        0  virtualnokia5110.o(i.Nokia5110_DrawingFullImage)
    i.Nokia5110_Init                         0x00000878   Section        0  virtualnokia5110.o(i.Nokia5110_Init)
    i.Nokia5110_OutChar                      0x000009e4   Section        0  virtualnokia5110.o(i.Nokia5110_OutChar)
    i.Nokia5110_OutString                    0x00000a1c   Section        0  virtualnokia5110.o(i.Nokia5110_OutString)
    i.Nokia5110_OutUDec                      0x00000a34   Section        0  virtualnokia5110.o(i.Nokia5110_OutUDec)
    i.Nokia5110_PrintBMP                     0x00000bd0   Section        0  virtualnokia5110.o(i.Nokia5110_PrintBMP)
    i.Nokia5110_SetCursor                    0x00000d78   Section        0  virtualnokia5110.o(i.Nokia5110_SetCursor)
    i.PLL_Init                               0x00000da8   Section        0  texas.o(i.PLL_Init)
    i.PortF_Init                             0x00000e24   Section        0  spaceinvaders.o(i.PortF_Init)
    i.SetCode                                0x00000e9c   Section        0  texas.o(i.SetCode)
    i.SetCourse                              0x00000eb4   Section        0  texas.o(i.SetCourse)
    i.TExaS_Init                             0x00000ecc   Section        0  texas.o(i.TExaS_Init)
    i.Timer2A_Handler                        0x00001090   Section        0  spaceinvaders.o(i.Timer2A_Handler)
    i.Timer2_Init                            0x000011c0   Section        0  spaceinvaders.o(i.Timer2_Init)
    i.Timer4A_Handler                        0x00001230   Section        0  texas.o(i.Timer4A_Handler)
    i.Timer5A_Handler                        0x00001250   Section        0  texas.o(i.Timer5A_Handler)
    i.UART0_Init                             0x00001280   Section        0  texas.o(i.UART0_Init)
    i.WinGanme                               0x00001340   Section        0  spaceinvaders.o(i.WinGanme)
    i.ball_State                             0x00001380   Section        0  modelplayer.o(i.ball_State)
    i.ball_deleteCell                        0x00001410   Section        0  modelplayer.o(i.ball_deleteCell)
    i.ball_init                              0x000014f0   Section        0  modelplayer.o(i.ball_init)
    i.changeStates                           0x00001510   Section        0  modelplayer.o(i.changeStates)
    i.disableTimer                           0x00001544   Section        0  spaceinvaders.o(i.disableTimer)
    i.enableTimer                            0x00001550   Section        0  spaceinvaders.o(i.enableTimer)
    i.initlevel                              0x0000155c   Section        0  modelplayer.o(i.initlevel)
    i.instruction                            0x0000157c   Section        0  spaceinvaders.o(i.instruction)
    i.lcdwrite                               0x000015c8   Section        0  virtualnokia5110.o(i.lcdwrite)
    lcdwrite                                 0x000015c9   Thumb Code    66  virtualnokia5110.o(i.lcdwrite)
    i.main                                   0x00001614   Section        0  spaceinvaders.o(i.main)
    i.moveBall                               0x000016bc   Section        0  modelplayer.o(i.moveBall)
    i.setScreen                              0x000017f8   Section        0  modelplayer.o(i.setScreen)
    i.start                                  0x00001814   Section        0  spaceinvaders.o(i.start)
    .constdata                               0x00001864   Section      929  spaceinvaders.o(.constdata)
    ASCII                                    0x00001864   Data         480  spaceinvaders.o(.constdata)
    image                                    0x00001a44   Data         135  spaceinvaders.o(.constdata)
    .constdata                               0x00001c05   Section      360  texas.o(.constdata)
    .constdata                               0x00001d6d   Section      480  virtualnokia5110.o(.constdata)
    ASCII                                    0x00001d6d   Data         480  virtualnokia5110.o(.constdata)
    .data                                    0x20000000   Section       60  spaceinvaders.o(.data)
    lifes                                    0x20000000   Data           4  spaceinvaders.o(.data)
    x                                        0x20000004   Data           4  spaceinvaders.o(.data)
    y                                        0x20000008   Data           4  spaceinvaders.o(.data)
    d                                        0x2000000c   Data           4  spaceinvaders.o(.data)
    score                                    0x20000010   Data           4  spaceinvaders.o(.data)
    level                                    0x20000014   Data           4  spaceinvaders.o(.data)
    o                                        0x20000018   Data           4  spaceinvaders.o(.data)
    .data                                    0x2000003c   Section       52  texas.o(.data)
    .data                                    0x20000070   Section       28  modelplayer.o(.data)
    lifes                                    0x20000070   Data           4  modelplayer.o(.data)
    x                                        0x20000074   Data           4  modelplayer.o(.data)
    y                                        0x20000078   Data           4  modelplayer.o(.data)
    d                                        0x2000007c   Data           4  modelplayer.o(.data)
    score                                    0x20000080   Data           4  modelplayer.o(.data)
    level                                    0x20000084   Data           4  modelplayer.o(.data)
    o                                        0x20000088   Data           4  modelplayer.o(.data)
    .bss                                     0x20000090   Section       56  texas.o(.bss)
    .bss                                     0x200000c8   Section      504  virtualnokia5110.o(.bss)
    .bss                                     0x200002c0   Section     1008  modelplayer.o(.bss)
    screen                                   0x200002c0   Data        1008  modelplayer.o(.bss)
    .bss                                     0x200006b0   Section      228  rand.o(.bss)
    .bss                                     0x20000794   Section       96  libspace.o(.bss)
    HEAP                                     0x200007f8   Section        0  startup.o(HEAP)
    STACK                                    0x200007f8   Section     1024  startup.o(STACK)
    HeapMem                                  0x200007f8   Data           0  startup.o(HEAP)
    StackMem                                 0x200007f8   Data           0  startup.o(STACK)

    Global Symbols

    Symbol Name                              Value     Ov Type        Size  Object(Section)

    BuildAttributes$$THM_ISAv4$E$P$D$K$B$S$7EM$PE$A:L22UL41UL21$X:L11$S22US41US21$IEEE1$IW$USESV6$~STKCKD$USESV7$~SHL$OSPACE$ROPI$EBA8$UX$STANDARDLIB$REQ8$PRES8$EABIv2 0x00000000   Number         0  anon$$obj.o ABSOLUTE
    __ARM_use_no_argv                        0x00000000   Number         0  spaceinvaders.o ABSOLUTE
    __Vectors                                0x00000000   Data           0  startup.o(RESET)
    __ARM_exceptions_init                     - Undefined Weak Reference
    __alloca_initialize                       - Undefined Weak Reference
    __cpp_initialize__aeabi_                  - Undefined Weak Reference
    __cxa_finalize                            - Undefined Weak Reference
    __rt_locale                               - Undefined Weak Reference
    __sigvec_lookup                           - Undefined Weak Reference
    _atexit_init                              - Undefined Weak Reference
    _call_atexit_fns                          - Undefined Weak Reference
    _clock_init                               - Undefined Weak Reference
    _fp_trap_init                             - Undefined Weak Reference
    _fp_trap_shutdown                         - Undefined Weak Reference
    _get_lc_collate                           - Undefined Weak Reference
    _get_lc_ctype                             - Undefined Weak Reference
    _get_lc_monetary                          - Undefined Weak Reference
    _get_lc_numeric                           - Undefined Weak Reference
    _get_lc_time                              - Undefined Weak Reference
    _getenv_init                              - Undefined Weak Reference
    _handle_redirection                       - Undefined Weak Reference
    _init_alloc                               - Undefined Weak Reference
    _init_user_alloc                          - Undefined Weak Reference
    _initio                                   - Undefined Weak Reference
    _signal_finish                            - Undefined Weak Reference
    _signal_init                              - Undefined Weak Reference
    _terminate_alloc                          - Undefined Weak Reference
    _terminate_user_alloc                     - Undefined Weak Reference
    _terminateio                              - Undefined Weak Reference
    Reset_Handler                            0x0000026d   Thumb Code     0  startup.o(RESET)
    NMI_Handler                              0x00000271   Thumb Code     2  startup.o(RESET)
    HardFault_Handler                        0x00000273   Thumb Code     2  startup.o(RESET)
    MemManage_Handler                        0x00000275   Thumb Code     2  startup.o(RESET)
    BusFault_Handler                         0x00000277   Thumb Code     2  startup.o(RESET)
    UsageFault_Handler                       0x00000279   Thumb Code     2  startup.o(RESET)
    SVC_Handler                              0x0000027b   Thumb Code     2  startup.o(RESET)
    DebugMon_Handler                         0x0000027d   Thumb Code     2  startup.o(RESET)
    PendSV_Handler                           0x0000027f   Thumb Code     2  startup.o(RESET)
    SysTick_Handler                          0x00000281   Thumb Code     2  startup.o(RESET)
    ADC0Seq0_Handler                         0x00000283   Thumb Code     0  startup.o(RESET)
    ADC0Seq1_Handler                         0x00000283   Thumb Code     0  startup.o(RESET)
    ADC0Seq2_Handler                         0x00000283   Thumb Code     0  startup.o(RESET)
    ADC0Seq3_Handler                         0x00000283   Thumb Code     0  startup.o(RESET)
    ADC1Seq0_Handler                         0x00000283   Thumb Code     0  startup.o(RESET)
    ADC1Seq1_Handler                         0x00000283   Thumb Code     0  startup.o(RESET)
    ADC1Seq2_Handler                         0x00000283   Thumb Code     0  startup.o(RESET)
    ADC1Seq3_Handler                         0x00000283   Thumb Code     0  startup.o(RESET)
    CAN0_Handler                             0x00000283   Thumb Code     0  startup.o(RESET)
    CAN1_Handler                             0x00000283   Thumb Code     0  startup.o(RESET)
    CAN2_Handler                             0x00000283   Thumb Code     0  startup.o(RESET)
    Comp0_Handler                            0x00000283   Thumb Code     0  startup.o(RESET)
    Comp1_Handler                            0x00000283   Thumb Code     0  startup.o(RESET)
    Comp2_Handler                            0x00000283   Thumb Code     0  startup.o(RESET)
    Ethernet_Handler                         0x00000283   Thumb Code     0  startup.o(RESET)
    ExtBus_Handler                           0x00000283   Thumb Code     0  startup.o(RESET)
    FPU_Handler                              0x00000283   Thumb Code     0  startup.o(RESET)
    Fan0_Handler                             0x00000283   Thumb Code     0  startup.o(RESET)
    FlashCtl_Handler                         0x00000283   Thumb Code     0  startup.o(RESET)
    GPIOPortA_Handler                        0x00000283   Thumb Code     0  startup.o(RESET)
    GPIOPortB_Handler                        0x00000283   Thumb Code     0  startup.o(RESET)
    GPIOPortC_Handler                        0x00000283   Thumb Code     0  startup.o(RESET)
    GPIOPortD_Handler                        0x00000283   Thumb Code     0  startup.o(RESET)
    GPIOPortE_Handler                        0x00000283   Thumb Code     0  startup.o(RESET)
    GPIOPortF_Handler                        0x00000283   Thumb Code     0  startup.o(RESET)
    GPIOPortG_Handler                        0x00000283   Thumb Code     0  startup.o(RESET)
    GPIOPortH_Handler                        0x00000283   Thumb Code     0  startup.o(RESET)
    GPIOPortJ_Handler                        0x00000283   Thumb Code     0  startup.o(RESET)
    GPIOPortK_Handler                        0x00000283   Thumb Code     0  startup.o(RESET)
    GPIOPortL_Handler                        0x00000283   Thumb Code     0  startup.o(RESET)
    GPIOPortM_Handler                        0x00000283   Thumb Code     0  startup.o(RESET)
    GPIOPortN_Handler                        0x00000283   Thumb Code     0  startup.o(RESET)
    GPIOPortP1_Handler                       0x00000283   Thumb Code     0  startup.o(RESET)
    GPIOPortP2_Handler                       0x00000283   Thumb Code     0  startup.o(RESET)
    GPIOPortP3_Handler                       0x00000283   Thumb Code     0  startup.o(RESET)
    GPIOPortP4_Handler                       0x00000283   Thumb Code     0  startup.o(RESET)
    GPIOPortP5_Handler                       0x00000283   Thumb Code     0  startup.o(RESET)
    GPIOPortP6_Handler                       0x00000283   Thumb Code     0  startup.o(RESET)
    GPIOPortP7_Handler                       0x00000283   Thumb Code     0  startup.o(RESET)
    GPIOPortP_Handler                        0x00000283   Thumb Code     0  startup.o(RESET)
    GPIOPortQ1_Handler                       0x00000283   Thumb Code     0  startup.o(RESET)
    GPIOPortQ2_Handler                       0x00000283   Thumb Code     0  startup.o(RESET)
    GPIOPortQ3_Handler                       0x00000283   Thumb Code     0  startup.o(RESET)
    GPIOPortQ4_Handler                       0x00000283   Thumb Code     0  startup.o(RESET)
    GPIOPortQ5_Handler                       0x00000283   Thumb Code     0  startup.o(RESET)
    GPIOPortQ6_Handler                       0x00000283   Thumb Code     0  startup.o(RESET)
    GPIOPortQ7_Handler                       0x00000283   Thumb Code     0  startup.o(RESET)
    GPIOPortQ_Handler                        0x00000283   Thumb Code     0  startup.o(RESET)
    GPIOPortR_Handler                        0x00000283   Thumb Code     0  startup.o(RESET)
    GPIOPortS_Handler                        0x00000283   Thumb Code     0  startup.o(RESET)
    Hibernate_Handler                        0x00000283   Thumb Code     0  startup.o(RESET)
    I2C0_Handler                             0x00000283   Thumb Code     0  startup.o(RESET)
    I2C1_Handler                             0x00000283   Thumb Code     0  startup.o(RESET)
    I2C2_Handler                             0x00000283   Thumb Code     0  startup.o(RESET)
    I2C3_Handler                             0x00000283   Thumb Code     0  startup.o(RESET)
    I2C4_Handler                             0x00000283   Thumb Code     0  startup.o(RESET)
    I2C5_Handler                             0x00000283   Thumb Code     0  startup.o(RESET)
    I2S0_Handler                             0x00000283   Thumb Code     0  startup.o(RESET)
    LPC0_Handler                             0x00000283   Thumb Code     0  startup.o(RESET)
    PECI0_Handler                            0x00000283   Thumb Code     0  startup.o(RESET)
    PWM0Fault_Handler                        0x00000283   Thumb Code     0  startup.o(RESET)
    PWM0Generator0_Handler                   0x00000283   Thumb Code     0  startup.o(RESET)
    PWM0Generator1_Handler                   0x00000283   Thumb Code     0  startup.o(RESET)
    PWM0Generator2_Handler                   0x00000283   Thumb Code     0  startup.o(RESET)
    PWM0Generator3_Handler                   0x00000283   Thumb Code     0  startup.o(RESET)
    PWM1Fault_Handler                        0x00000283   Thumb Code     0  startup.o(RESET)
    PWM1Generator0_Handler                   0x00000283   Thumb Code     0  startup.o(RESET)
    PWM1Generator1_Handler                   0x00000283   Thumb Code     0  startup.o(RESET)
    PWM1Generator2_Handler                   0x00000283   Thumb Code     0  startup.o(RESET)
    PWM1Generator3_Handler                   0x00000283   Thumb Code     0  startup.o(RESET)
    Quadrature0_Handler                      0x00000283   Thumb Code     0  startup.o(RESET)
    Quadrature1_Handler                      0x00000283   Thumb Code     0  startup.o(RESET)
    Quadrature2_Handler                      0x00000283   Thumb Code     0  startup.o(RESET)
    SSI0_Handler                             0x00000283   Thumb Code     0  startup.o(RESET)
    SSI1_Handler                             0x00000283   Thumb Code     0  startup.o(RESET)
    SSI2_Handler                             0x00000283   Thumb Code     0  startup.o(RESET)
    SSI3_Handler                             0x00000283   Thumb Code     0  startup.o(RESET)
    SysCtl_Handler                           0x00000283   Thumb Code     0  startup.o(RESET)
    Timer0A_Handler                          0x00000283   Thumb Code     0  startup.o(RESET)
    Timer0B_Handler                          0x00000283   Thumb Code     0  startup.o(RESET)
    Timer1A_Handler                          0x00000283   Thumb Code     0  startup.o(RESET)
    Timer1B_Handler                          0x00000283   Thumb Code     0  startup.o(RESET)
    Timer2B_Handler                          0x00000283   Thumb Code     0  startup.o(RESET)
    Timer3A_Handler                          0x00000283   Thumb Code     0  startup.o(RESET)
    Timer3B_Handler                          0x00000283   Thumb Code     0  startup.o(RESET)
    Timer4B_Handler                          0x00000283   Thumb Code     0  startup.o(RESET)
    Timer5B_Handler                          0x00000283   Thumb Code     0  startup.o(RESET)
    UART0_Handler                            0x00000283   Thumb Code     0  startup.o(RESET)
    UART1_Handler                            0x00000283   Thumb Code     0  startup.o(RESET)
    UART2_Handler                            0x00000283   Thumb Code     0  startup.o(RESET)
    UART3_Handler                            0x00000283   Thumb Code     0  startup.o(RESET)
    UART4_Handler                            0x00000283   Thumb Code     0  startup.o(RESET)
    UART5_Handler                            0x00000283   Thumb Code     0  startup.o(RESET)
    UART6_Handler                            0x00000283   Thumb Code     0  startup.o(RESET)
    UART7_Handler                            0x00000283   Thumb Code     0  startup.o(RESET)
    USB0_Handler                             0x00000283   Thumb Code     0  startup.o(RESET)
    WDT_Handler                              0x00000283   Thumb Code     0  startup.o(RESET)
    WideTimer0A_Handler                      0x00000283   Thumb Code     0  startup.o(RESET)
    WideTimer0B_Handler                      0x00000283   Thumb Code     0  startup.o(RESET)
    WideTimer1A_Handler                      0x00000283   Thumb Code     0  startup.o(RESET)
    WideTimer1B_Handler                      0x00000283   Thumb Code     0  startup.o(RESET)
    WideTimer2A_Handler                      0x00000283   Thumb Code     0  startup.o(RESET)
    WideTimer2B_Handler                      0x00000283   Thumb Code     0  startup.o(RESET)
    WideTimer3A_Handler                      0x00000283   Thumb Code     0  startup.o(RESET)
    WideTimer3B_Handler                      0x00000283   Thumb Code     0  startup.o(RESET)
    WideTimer4A_Handler                      0x00000283   Thumb Code     0  startup.o(RESET)
    WideTimer4B_Handler                      0x00000283   Thumb Code     0  startup.o(RESET)
    WideTimer5A_Handler                      0x00000283   Thumb Code     0  startup.o(RESET)
    WideTimer5B_Handler                      0x00000283   Thumb Code     0  startup.o(RESET)
    uDMA_Error                               0x00000283   Thumb Code     0  startup.o(RESET)
    uDMA_Handler                             0x00000283   Thumb Code     0  startup.o(RESET)
    __main                                   0x00000285   Thumb Code     8  __main.o(!!!main)
    __scatterload                            0x0000028d   Thumb Code     0  __scatter.o(!!!scatter)
    __scatterload_rt2                        0x0000028d   Thumb Code    44  __scatter.o(!!!scatter)
    __scatterload_rt2_thumb_only             0x0000028d   Thumb Code     0  __scatter.o(!!!scatter)
    __scatterload_null                       0x0000029b   Thumb Code     0  __scatter.o(!!!scatter)
    __scatterload_copy                       0x000002c1   Thumb Code    26  __scatter_copy.o(!!handler_copy)
    __scatterload_zeroinit                   0x000002dd   Thumb Code    28  __scatter_zi.o(!!handler_zi)
    __rt_lib_init                            0x000002f9   Thumb Code     0  libinit.o(.ARM.Collect$$libinit$$00000000)
    __rt_lib_init_fp_1                       0x000002fb   Thumb Code     0  libinit2.o(.ARM.Collect$$libinit$$00000002)
    __rt_lib_init_heap_1                     0x000002fb   Thumb Code     0  libinit2.o(.ARM.Collect$$libinit$$00000008)
    __rt_lib_init_rand_2                     0x000002fb   Thumb Code     0  libinit2.o(.ARM.Collect$$libinit$$0000000B)
    __rt_lib_init_user_alloc_1               0x000002fb   Thumb Code     0  libinit2.o(.ARM.Collect$$libinit$$0000000A)
    __rt_lib_init_alloca_1                   0x000002ff   Thumb Code     0  libinit2.o(.ARM.Collect$$libinit$$0000002C)
    __rt_lib_init_argv_1                     0x000002ff   Thumb Code     0  libinit2.o(.ARM.Collect$$libinit$$0000002A)
    __rt_lib_init_atexit_1                   0x000002ff   Thumb Code     0  libinit2.o(.ARM.Collect$$libinit$$00000019)
    __rt_lib_init_clock_1                    0x000002ff   Thumb Code     0  libinit2.o(.ARM.Collect$$libinit$$0000001F)
    __rt_lib_init_cpp_1                      0x000002ff   Thumb Code     0  libinit2.o(.ARM.Collect$$libinit$$00000030)
    __rt_lib_init_exceptions_1               0x000002ff   Thumb Code     0  libinit2.o(.ARM.Collect$$libinit$$0000002E)
    __rt_lib_init_fp_trap_1                  0x000002ff   Thumb Code     0  libinit2.o(.ARM.Collect$$libinit$$0000001D)
    __rt_lib_init_getenv_1                   0x000002ff   Thumb Code     0  libinit2.o(.ARM.Collect$$libinit$$00000021)
    __rt_lib_init_lc_collate_1               0x000002ff   Thumb Code     0  libinit2.o(.ARM.Collect$$libinit$$0000000F)
    __rt_lib_init_lc_ctype_1                 0x000002ff   Thumb Code     0  libinit2.o(.ARM.Collect$$libinit$$00000011)
    __rt_lib_init_lc_monetary_1              0x000002ff   Thumb Code     0  libinit2.o(.ARM.Collect$$libinit$$00000013)
    __rt_lib_init_lc_numeric_1               0x000002ff   Thumb Code     0  libinit2.o(.ARM.Collect$$libinit$$00000015)
    __rt_lib_init_lc_time_1                  0x000002ff   Thumb Code     0  libinit2.o(.ARM.Collect$$libinit$$00000017)
    __rt_lib_init_rand_1                     0x000002ff   Thumb Code     0  libinit2.o(.ARM.Collect$$libinit$$0000000C)
    __rt_lib_init_return                     0x000002ff   Thumb Code     0  libinit2.o(.ARM.Collect$$libinit$$00000031)
    __rt_lib_init_signal_1                   0x000002ff   Thumb Code     0  libinit2.o(.ARM.Collect$$libinit$$0000001B)
    __rt_lib_init_stdio_1                    0x000002ff   Thumb Code     0  libinit2.o(.ARM.Collect$$libinit$$00000023)
    __rt_lib_shutdown                        0x00000301   Thumb Code     0  libshutdown.o(.ARM.Collect$$libshutdown$$00000000)
    __rt_lib_shutdown_fp_trap_1              0x00000303   Thumb Code     0  libshutdown2.o(.ARM.Collect$$libshutdown$$00000006)
    __rt_lib_shutdown_heap_1                 0x00000303   Thumb Code     0  libshutdown2.o(.ARM.Collect$$libshutdown$$0000000E)
    __rt_lib_shutdown_return                 0x00000303   Thumb Code     0  libshutdown2.o(.ARM.Collect$$libshutdown$$0000000F)
    __rt_lib_shutdown_signal_1               0x00000303   Thumb Code     0  libshutdown2.o(.ARM.Collect$$libshutdown$$00000009)
    __rt_lib_shutdown_stdio_1                0x00000303   Thumb Code     0  libshutdown2.o(.ARM.Collect$$libshutdown$$00000003)
    __rt_lib_shutdown_user_alloc_1           0x00000303   Thumb Code     0  libshutdown2.o(.ARM.Collect$$libshutdown$$0000000B)
    __rt_entry                               0x00000305   Thumb Code     0  rtentry.o(.ARM.Collect$$rtentry$$00000000)
    __rt_entry_presh_1                       0x00000305   Thumb Code     0  rtentry2.o(.ARM.Collect$$rtentry$$00000002)
    __rt_entry_sh                            0x00000305   Thumb Code     0  rtentry4.o(.ARM.Collect$$rtentry$$00000004)
    __rt_entry_li                            0x0000030b   Thumb Code     0  rtentry2.o(.ARM.Collect$$rtentry$$0000000A)
    __rt_entry_postsh_1                      0x0000030b   Thumb Code     0  rtentry2.o(.ARM.Collect$$rtentry$$00000009)
    __rt_entry_main                          0x0000030f   Thumb Code     0  rtentry2.o(.ARM.Collect$$rtentry$$0000000D)
    __rt_entry_postli_1                      0x0000030f   Thumb Code     0  rtentry2.o(.ARM.Collect$$rtentry$$0000000C)
    __rt_exit                                0x00000317   Thumb Code     0  rtexit.o(.ARM.Collect$$rtexit$$00000000)
    __rt_exit_ls                             0x00000319   Thumb Code     0  rtexit2.o(.ARM.Collect$$rtexit$$00000003)
    __rt_exit_prels_1                        0x00000319   Thumb Code     0  rtexit2.o(.ARM.Collect$$rtexit$$00000002)
    __rt_exit_exit                           0x0000031d   Thumb Code     0  rtexit2.o(.ARM.Collect$$rtexit$$00000004)
    rand                                     0x00000325   Thumb Code    48  rand.o(.emb_text)
    DisableInterrupts                        0x00000359   Thumb Code     0  startup.o(.text)
    EnableInterrupts                         0x0000035d   Thumb Code     0  startup.o(.text)
    StartCritical                            0x00000361   Thumb Code     0  startup.o(.text)
    EndCritical                              0x00000369   Thumb Code     0  startup.o(.text)
    WaitForInterrupt                         0x0000036f   Thumb Code     0  startup.o(.text)
    __user_initial_stackheap                 0x00000373   Thumb Code     0  startup.o(.text)
    srand                                    0x00000389   Thumb Code    42  rand.o(.text)
    _rand_init                               0x000003b3   Thumb Code     4  rand.o(.text)
    __use_two_region_memory                  0x000003c5   Thumb Code     2  heapauxi.o(.text)
    __rt_heap_escrow$2region                 0x000003c7   Thumb Code     2  heapauxi.o(.text)
    __rt_heap_expand$2region                 0x000003c9   Thumb Code     2  heapauxi.o(.text)
    __user_setup_stackheap                   0x000003cb   Thumb Code    74  sys_stackheap_outer.o(.text)
    exit                                     0x00000415   Thumb Code    12  exit.o(.text)
    __user_libspace                          0x00000421   Thumb Code     8  libspace.o(.text)
    __user_perproc_libspace                  0x00000421   Thumb Code     0  libspace.o(.text)
    __user_perthread_libspace                0x00000421   Thumb Code     0  libspace.o(.text)
    __I$use$semihosting                      0x00000429   Thumb Code     0  use_no_semi.o(.text)
    __use_no_semihosting_swi                 0x00000429   Thumb Code     2  use_no_semi.o(.text)
    __semihosting_library_function           0x0000042b   Thumb Code     0  indicate_semi.o(.text)
    _sys_exit                                0x0000042d   Thumb Code     8  sys_exit.o(.text)
    ADC1_In                                  0x00000439   Thumb Code     6  texas.o(i.ADC1_In)
    ADC1_Init                                0x00000445   Thumb Code   174  texas.o(i.ADC1_Init)
    ChangeDiraction                          0x00000519   Thumb Code   156  modelplayer.o(i.ChangeDiraction)
    Delaaay                                  0x000005b9   Thumb Code    42  spaceinvaders.o(i.Delaaay)
    Drawing                                  0x000005e5   Thumb Code   148  spaceinvaders.o(i.Drawing)
    EditScore                                0x0000068d   Thumb Code    20  modelplayer.o(i.EditScore)
    GameOver                                 0x000006a9   Thumb Code    64  spaceinvaders.o(i.GameOver)
    GetLevel                                 0x000006fd   Thumb Code     6  modelplayer.o(i.GetLevel)
    GetLifes                                 0x00000709   Thumb Code     6  modelplayer.o(i.GetLifes)
    GetScore                                 0x00000715   Thumb Code     6  modelplayer.o(i.GetScore)
    GetScreen                                0x00000721   Thumb Code    22  modelplayer.o(i.GetScreen)
    GetX                                     0x0000073d   Thumb Code     6  modelplayer.o(i.GetX)
    GetY                                     0x00000749   Thumb Code     6  modelplayer.o(i.GetY)
    Init                                     0x00000755   Thumb Code    72  spaceinvaders.o(i.Init)
    Level                                    0x000007a5   Thumb Code    92  spaceinvaders.o(i.Level)
    Nokia5110_Clear                          0x0000080d   Thumb Code    32  virtualnokia5110.o(i.Nokia5110_Clear)
    Nokia5110_ClearBuffer                    0x0000082d   Thumb Code    20  virtualnokia5110.o(i.Nokia5110_ClearBuffer)
    Nokia5110_DisplayBuffer                  0x00000845   Thumb Code    10  virtualnokia5110.o(i.Nokia5110_DisplayBuffer)
    Nokia5110_DrawingFullImage               0x00000855   Thumb Code    34  virtualnokia5110.o(i.Nokia5110_DrawingFullImage)
    Nokia5110_Init                           0x00000879   Thumb Code   316  virtualnokia5110.o(i.Nokia5110_Init)
    Nokia5110_OutChar                        0x000009e5   Thumb Code    52  virtualnokia5110.o(i.Nokia5110_OutChar)
    Nokia5110_OutString                      0x00000a1d   Thumb Code    22  virtualnokia5110.o(i.Nokia5110_OutString)
    Nokia5110_OutUDec                        0x00000a35   Thumb Code   394  virtualnokia5110.o(i.Nokia5110_OutUDec)
    Nokia5110_PrintBMP                       0x00000bd1   Thumb Code   420  virtualnokia5110.o(i.Nokia5110_PrintBMP)
    Nokia5110_SetCursor                      0x00000d79   Thumb Code    48  virtualnokia5110.o(i.Nokia5110_SetCursor)
    PLL_Init                                 0x00000da9   Thumb Code   118  texas.o(i.PLL_Init)
    PortF_Init                               0x00000e25   Thumb Code    88  spaceinvaders.o(i.PortF_Init)
    SetCode                                  0x00000e9d   Thumb Code    20  texas.o(i.SetCode)
    SetCourse                                0x00000eb5   Thumb Code    20  texas.o(i.SetCourse)
    TExaS_Init                               0x00000ecd   Thumb Code   324  texas.o(i.TExaS_Init)
    Timer2A_Handler                          0x00001091   Thumb Code   262  spaceinvaders.o(i.Timer2A_Handler)
    Timer2_Init                              0x000011c1   Thumb Code    88  spaceinvaders.o(i.Timer2_Init)
    Timer4A_Handler                          0x00001231   Thumb Code    20  texas.o(i.Timer4A_Handler)
    Timer5A_Handler                          0x00001251   Thumb Code    34  texas.o(i.Timer5A_Handler)
    UART0_Init                               0x00001281   Thumb Code   160  texas.o(i.UART0_Init)
    WinGanme                                 0x00001341   Thumb Code    44  spaceinvaders.o(i.WinGanme)
    ball_State                               0x00001381   Thumb Code   140  modelplayer.o(i.ball_State)
    ball_deleteCell                          0x00001411   Thumb Code   212  modelplayer.o(i.ball_deleteCell)
    ball_init                                0x000014f1   Thumb Code    20  modelplayer.o(i.ball_init)
    changeStates                             0x00001511   Thumb Code    46  modelplayer.o(i.changeStates)
    disableTimer                             0x00001545   Thumb Code     8  spaceinvaders.o(i.disableTimer)
    enableTimer                              0x00001551   Thumb Code     8  spaceinvaders.o(i.enableTimer)
    initlevel                                0x0000155d   Thumb Code    20  modelplayer.o(i.initlevel)
    instruction                              0x0000157d   Thumb Code    50  spaceinvaders.o(i.instruction)
    main                                     0x00001615   Thumb Code   158  spaceinvaders.o(i.main)
    moveBall                                 0x000016bd   Thumb Code   302  modelplayer.o(i.moveBall)
    setScreen                                0x000017f9   Thumb Code    22  modelplayer.o(i.setScreen)
    start                                    0x00001815   Thumb Code    50  spaceinvaders.o(i.start)
    Bunker0                                  0x00001acb   Data         179  spaceinvaders.o(.constdata)
    Cell                                     0x00001b7e   Data         135  spaceinvaders.o(.constdata)
    NoInputMsg                               0x00001c05   Data          40  texas.o(.constdata)
    OutputPortMsg0                           0x00001c2d   Data          40  texas.o(.constdata)
    OutputPortMsg1                           0x00001c55   Data          40  texas.o(.constdata)
    OutputPortMsg2                           0x00001c7d   Data          40  texas.o(.constdata)
    OutputPortMsg3                           0x00001ca5   Data          40  texas.o(.constdata)
    BlankMsg                                 0x00001ccd   Data          40  texas.o(.constdata)
    InitializedMsg                           0x00001cf5   Data          40  texas.o(.constdata)
    IntroMsg                                 0x00001d1d   Data          40  texas.o(.constdata)
    DoneMsg                                  0x00001d45   Data          40  texas.o(.constdata)
    Region$$Table$$Base                      0x00001f50   Number         0  anon$$obj.o(Region$$Table)
    Region$$Table$$Limit                     0x00001f70   Number         0  anon$$obj.o(Region$$Table)
    counterTimer                             0x2000001c   Data           4  spaceinvaders.o(.data)
    Semaphore                                0x20000020   Data           4  spaceinvaders.o(.data)
    BunkerX                                  0x20000024   Data           4  spaceinvaders.o(.data)
    BunkerY                                  0x20000028   Data           4  spaceinvaders.o(.data)
    lefttt                                   0x2000002c   Data           4  spaceinvaders.o(.data)
    rightt                                   0x20000030   Data           4  spaceinvaders.o(.data)
    life                                     0x20000034   Data           4  spaceinvaders.o(.data)
    shoot                                    0x20000038   Data           4  spaceinvaders.o(.data)
    TExaS_Period                             0x2000003c   Data           4  texas.o(.data)
    TExaS_Ports                              0x20000040   Data           8  texas.o(.data)
    Display                                  0x20000048   Data           1  texas.o(.data)
    TExaS_Meter                              0x2000004c   Data           4  texas.o(.data)
    ADCnum                                   0x20000050   Data           4  texas.o(.data)
    LastMode                                 0x20000054   Data           4  texas.o(.data)
    bFlag                                    0x20000058   Data           4  texas.o(.data)
    Count                                    0x2000005c   Data           4  texas.o(.data)
    DelayBetweenTests                        0x20000060   Data           4  texas.o(.data)
    TExaS_Test                               0x20000064   Data           4  texas.o(.data)
    ScopeMode                                0x20000068   Data           4  texas.o(.data)
    ScopeCount                               0x2000006c   Data           4  texas.o(.data)
    TExaS                                    0x20000090   Data          56  texas.o(.bss)
    Screen                                   0x200000c8   Data         504  virtualnokia5110.o(.bss)
    _random_number_data                      0x200006b0   Data         228  rand.o(.bss)
    __libspace_start                         0x20000794   Data          96  libspace.o(.bss)
    __temporary_stack_top$libspace           0x200007f4   Data           0  libspace.o(.bss)



==============================================================================

Memory Map of the image

  Image Entry point : 0x0000026d

  Load Region LR_1 (Base: 0x00000000, Size: 0x00001ffc, Max: 0xffffffff, ABSOLUTE)

    Execution Region ER_RO (Base: 0x00000000, Size: 0x00001f70, Max: 0xffffffff, ABSOLUTE)

    Base Addr    Size         Type   Attr      Idx    E Section Name        Object

    0x00000000   0x00000284   Code   RO            3  * RESET               startup.o
    0x00000284   0x00000008   Code   RO          471  * !!!main             c_w.l(__main.o)
    0x0000028c   0x00000034   Code   RO          625    !!!scatter          c_w.l(__scatter.o)
    0x000002c0   0x0000001a   Code   RO          627    !!handler_copy      c_w.l(__scatter_copy.o)
    0x000002da   0x00000002   PAD
    0x000002dc   0x0000001c   Code   RO          629    !!handler_zi        c_w.l(__scatter_zi.o)
    0x000002f8   0x00000002   Code   RO          549    .ARM.Collect$$libinit$$00000000  c_w.l(libinit.o)
    0x000002fa   0x00000000   Code   RO          475    .ARM.Collect$$libinit$$00000002  c_w.l(libinit2.o)
    0x000002fa   0x00000000   Code   RO          478    .ARM.Collect$$libinit$$00000008  c_w.l(libinit2.o)
    0x000002fa   0x00000000   Code   RO          480    .ARM.Collect$$libinit$$0000000A  c_w.l(libinit2.o)
    0x000002fa   0x00000004   Code   RO          481    .ARM.Collect$$libinit$$0000000B  c_w.l(libinit2.o)
    0x000002fe   0x00000000   Code   RO          482    .ARM.Collect$$libinit$$0000000C  c_w.l(libinit2.o)
    0x000002fe   0x00000000   Code   RO          485    .ARM.Collect$$libinit$$0000000F  c_w.l(libinit2.o)
    0x000002fe   0x00000000   Code   RO          487    .ARM.Collect$$libinit$$00000011  c_w.l(libinit2.o)
    0x000002fe   0x00000000   Code   RO          489    .ARM.Collect$$libinit$$00000013  c_w.l(libinit2.o)
    0x000002fe   0x00000000   Code   RO          491    .ARM.Collect$$libinit$$00000015  c_w.l(libinit2.o)
    0x000002fe   0x00000000   Code   RO          493    .ARM.Collect$$libinit$$00000017  c_w.l(libinit2.o)
    0x000002fe   0x00000000   Code   RO          495    .ARM.Collect$$libinit$$00000019  c_w.l(libinit2.o)
    0x000002fe   0x00000000   Code   RO          497    .ARM.Collect$$libinit$$0000001B  c_w.l(libinit2.o)
    0x000002fe   0x00000000   Code   RO          499    .ARM.Collect$$libinit$$0000001D  c_w.l(libinit2.o)
    0x000002fe   0x00000000   Code   RO          501    .ARM.Collect$$libinit$$0000001F  c_w.l(libinit2.o)
    0x000002fe   0x00000000   Code   RO          503    .ARM.Collect$$libinit$$00000021  c_w.l(libinit2.o)
    0x000002fe   0x00000000   Code   RO          505    .ARM.Collect$$libinit$$00000023  c_w.l(libinit2.o)
    0x000002fe   0x00000000   Code   RO          509    .ARM.Collect$$libinit$$0000002A  c_w.l(libinit2.o)
    0x000002fe   0x00000000   Code   RO          511    .ARM.Collect$$libinit$$0000002C  c_w.l(libinit2.o)
    0x000002fe   0x00000000   Code   RO          513    .ARM.Collect$$libinit$$0000002E  c_w.l(libinit2.o)
    0x000002fe   0x00000000   Code   RO          515    .ARM.Collect$$libinit$$00000030  c_w.l(libinit2.o)
    0x000002fe   0x00000002   Code   RO          516    .ARM.Collect$$libinit$$00000031  c_w.l(libinit2.o)
    0x00000300   0x00000002   Code   RO          587    .ARM.Collect$$libshutdown$$00000000  c_w.l(libshutdown.o)
    0x00000302   0x00000000   Code   RO          594    .ARM.Collect$$libshutdown$$00000003  c_w.l(libshutdown2.o)
    0x00000302   0x00000000   Code   RO          597    .ARM.Collect$$libshutdown$$00000006  c_w.l(libshutdown2.o)
    0x00000302   0x00000000   Code   RO          600    .ARM.Collect$$libshutdown$$00000009  c_w.l(libshutdown2.o)
    0x00000302   0x00000000   Code   RO          602    .ARM.Collect$$libshutdown$$0000000B  c_w.l(libshutdown2.o)
    0x00000302   0x00000000   Code   RO          605    .ARM.Collect$$libshutdown$$0000000E  c_w.l(libshutdown2.o)
    0x00000302   0x00000002   Code   RO          606    .ARM.Collect$$libshutdown$$0000000F  c_w.l(libshutdown2.o)
    0x00000304   0x00000000   Code   RO          473    .ARM.Collect$$rtentry$$00000000  c_w.l(rtentry.o)
    0x00000304   0x00000000   Code   RO          518    .ARM.Collect$$rtentry$$00000002  c_w.l(rtentry2.o)
    0x00000304   0x00000006   Code   RO          530    .ARM.Collect$$rtentry$$00000004  c_w.l(rtentry4.o)
    0x0000030a   0x00000000   Code   RO          520    .ARM.Collect$$rtentry$$00000009  c_w.l(rtentry2.o)
    0x0000030a   0x00000004   Code   RO          521    .ARM.Collect$$rtentry$$0000000A  c_w.l(rtentry2.o)
    0x0000030e   0x00000000   Code   RO          523    .ARM.Collect$$rtentry$$0000000C  c_w.l(rtentry2.o)
    0x0000030e   0x00000008   Code   RO          524    .ARM.Collect$$rtentry$$0000000D  c_w.l(rtentry2.o)
    0x00000316   0x00000002   Code   RO          555    .ARM.Collect$$rtexit$$00000000  c_w.l(rtexit.o)
    0x00000318   0x00000000   Code   RO          567    .ARM.Collect$$rtexit$$00000002  c_w.l(rtexit2.o)
    0x00000318   0x00000004   Code   RO          568    .ARM.Collect$$rtexit$$00000003  c_w.l(rtexit2.o)
    0x0000031c   0x00000006   Code   RO          569    .ARM.Collect$$rtexit$$00000004  c_w.l(rtexit2.o)
    0x00000322   0x00000002   PAD
    0x00000324   0x00000034   Code   RO          464    .emb_text           c_w.l(rand.o)
    0x00000358   0x00000030   Code   RO            4    .text               startup.o
    0x00000388   0x0000003c   Code   RO          465    .text               c_w.l(rand.o)
    0x000003c4   0x00000006   Code   RO          469    .text               c_w.l(heapauxi.o)
    0x000003ca   0x0000004a   Code   RO          536    .text               c_w.l(sys_stackheap_outer.o)
    0x00000414   0x0000000c   Code   RO          538    .text               c_w.l(exit.o)
    0x00000420   0x00000008   Code   RO          552    .text               c_w.l(libspace.o)
    0x00000428   0x00000002   Code   RO          563    .text               c_w.l(use_no_semi.o)
    0x0000042a   0x00000000   Code   RO          565    .text               c_w.l(indicate_semi.o)
    0x0000042a   0x00000002   PAD
    0x0000042c   0x0000000c   Code   RO          579    .text               c_w.l(sys_exit.o)
    0x00000438   0x0000000c   Code   RO          120    i.ADC1_In           texas.o
    0x00000444   0x000000d4   Code   RO          121    i.ADC1_Init         texas.o
    0x00000518   0x000000a0   Code   RO          314    i.ChangeDiraction   modelplayer.o
    0x000005b8   0x0000002a   Code   RO           16    i.Delaaay           spaceinvaders.o
    0x000005e2   0x00000002   PAD
    0x000005e4   0x000000a8   Code   RO           17    i.Drawing           spaceinvaders.o
    0x0000068c   0x0000001c   Code   RO          315    i.EditScore         modelplayer.o
    0x000006a8   0x00000054   Code   RO           18    i.GameOver          spaceinvaders.o
    0x000006fc   0x0000000c   Code   RO          317    i.GetLevel          modelplayer.o
    0x00000708   0x0000000c   Code   RO          318    i.GetLifes          modelplayer.o
    0x00000714   0x0000000c   Code   RO          319    i.GetScore          modelplayer.o
    0x00000720   0x0000001c   Code   RO          320    i.GetScreen         modelplayer.o
    0x0000073c   0x0000000c   Code   RO          321    i.GetX              modelplayer.o
    0x00000748   0x0000000c   Code   RO          322    i.GetY              modelplayer.o
    0x00000754   0x00000050   Code   RO           19    i.Init              spaceinvaders.o
    0x000007a4   0x00000068   Code   RO           20    i.Level             spaceinvaders.o
    0x0000080c   0x00000020   Code   RO          239    i.Nokia5110_Clear   virtualnokia5110.o
    0x0000082c   0x00000018   Code   RO          240    i.Nokia5110_ClearBuffer  virtualnokia5110.o
    0x00000844   0x00000010   Code   RO          241    i.Nokia5110_DisplayBuffer  virtualnokia5110.o
    0x00000854   0x00000022   Code   RO          242    i.Nokia5110_DrawingFullImage  virtualnokia5110.o
    0x00000876   0x00000002   PAD
    0x00000878   0x0000016c   Code   RO          243    i.Nokia5110_Init    virtualnokia5110.o
    0x000009e4   0x00000038   Code   RO          244    i.Nokia5110_OutChar  virtualnokia5110.o
    0x00000a1c   0x00000016   Code   RO          245    i.Nokia5110_OutString  virtualnokia5110.o
    0x00000a32   0x00000002   PAD
    0x00000a34   0x0000019c   Code   RO          246    i.Nokia5110_OutUDec  virtualnokia5110.o
    0x00000bd0   0x000001a8   Code   RO          247    i.Nokia5110_PrintBMP  virtualnokia5110.o
    0x00000d78   0x00000030   Code   RO          248    i.Nokia5110_SetCursor  virtualnokia5110.o
    0x00000da8   0x0000007c   Code   RO          122    i.PLL_Init          texas.o
    0x00000e24   0x00000078   Code   RO           21    i.PortF_Init        spaceinvaders.o
    0x00000e9c   0x00000018   Code   RO          123    i.SetCode           texas.o
    0x00000eb4   0x00000018   Code   RO          124    i.SetCourse         texas.o
    0x00000ecc   0x000001c4   Code   RO          128    i.TExaS_Init        texas.o
    0x00001090   0x00000130   Code   RO           22    i.Timer2A_Handler   spaceinvaders.o
    0x000011c0   0x00000070   Code   RO           23    i.Timer2_Init       spaceinvaders.o
    0x00001230   0x00000020   Code   RO          130    i.Timer4A_Handler   texas.o
    0x00001250   0x00000030   Code   RO          131    i.Timer5A_Handler   texas.o
    0x00001280   0x000000c0   Code   RO          134    i.UART0_Init        texas.o
    0x00001340   0x00000040   Code   RO           24    i.WinGanme          spaceinvaders.o
    0x00001380   0x00000090   Code   RO          323    i.ball_State        modelplayer.o
    0x00001410   0x000000e0   Code   RO          324    i.ball_deleteCell   modelplayer.o
    0x000014f0   0x00000020   Code   RO          325    i.ball_init         modelplayer.o
    0x00001510   0x00000034   Code   RO          326    i.changeStates      modelplayer.o
    0x00001544   0x0000000c   Code   RO           25    i.disableTimer      spaceinvaders.o
    0x00001550   0x0000000c   Code   RO           26    i.enableTimer       spaceinvaders.o
    0x0000155c   0x00000020   Code   RO          327    i.initlevel         modelplayer.o
    0x0000157c   0x0000004c   Code   RO           27    i.instruction       spaceinvaders.o
    0x000015c8   0x0000004c   Code   RO          249    i.lcdwrite          virtualnokia5110.o
    0x00001614   0x000000a8   Code   RO           28    i.main              spaceinvaders.o
    0x000016bc   0x0000013c   Code   RO          328    i.moveBall          modelplayer.o
    0x000017f8   0x0000001c   Code   RO          333    i.setScreen         modelplayer.o
    0x00001814   0x00000050   Code   RO           29    i.start             spaceinvaders.o
    0x00001864   0x000003a1   Data   RO           31    .constdata          spaceinvaders.o
    0x00001c05   0x00000168   Data   RO          139    .constdata          texas.o
    0x00001d6d   0x000001e0   Data   RO          251    .constdata          virtualnokia5110.o
    0x00001f4d   0x00000003   PAD
    0x00001f50   0x00000020   Data   RO          623    Region$$Table       anon$$obj.o


    Execution Region ER_RW (Base: 0x20000000, Size: 0x0000008c, Max: 0xffffffff, ABSOLUTE)

    Base Addr    Size         Type   Attr      Idx    E Section Name        Object

    0x20000000   0x0000003c   Data   RW           32    .data               spaceinvaders.o
    0x2000003c   0x00000034   Data   RW          140    .data               texas.o
    0x20000070   0x0000001c   Data   RW          338    .data               modelplayer.o


    Execution Region ER_ZI (Base: 0x2000008c, Size: 0x00000b6c, Max: 0xffffffff, ABSOLUTE)

    Base Addr    Size         Type   Attr      Idx    E Section Name        Object

    0x2000008c   0x00000004   PAD
    0x20000090   0x00000038   Zero   RW          138    .bss                texas.o
    0x200000c8   0x000001f8   Zero   RW          250    .bss                virtualnokia5110.o
    0x200002c0   0x000003f0   Zero   RW          336    .bss                modelplayer.o
    0x200006b0   0x000000e4   Zero   RW          466    .bss                c_w.l(rand.o)
    0x20000794   0x00000060   Zero   RW          553    .bss                c_w.l(libspace.o)
    0x200007f4   0x00000004   PAD
    0x200007f8   0x00000000   Zero   RW            2    HEAP                startup.o
    0x200007f8   0x00000400   Zero   RW            1    STACK               startup.o


==============================================================================

Image component sizes


      Code (inc. data)   RO Data    RW Data    ZI Data      Debug   Object Name

      1104        114          0         28       1008       6374   modelplayer.o
      1426        252        929         60          0       9311   spaceinvaders.o
       692        632          0          0       1024        836   startup.o
      1120        244        360         52         56      15376   texas.o
      1508         94        480          0        504       7612   virtualnokia5110.o

    ----------------------------------------------------------------------
      5856       1336       1804        140       2596      39509   Object Totals
         0          0         32          0          0          0   (incl. Generated)
         6          0          3          0          4          0   (incl. Padding)

    ----------------------------------------------------------------------

      Code (inc. data)   RO Data    RW Data    ZI Data      Debug   Library Member Name

         8          0          0          0          0         68   __main.o
        52          8          0          0          0          0   __scatter.o
        26          0          0          0          0          0   __scatter_copy.o
        28          0          0          0          0          0   __scatter_zi.o
        12          0          0          0          0         72   exit.o
         6          0          0          0          0        152   heapauxi.o
         0          0          0          0          0          0   indicate_semi.o
         2          0          0          0          0          0   libinit.o
         6          0          0          0          0          0   libinit2.o
         2          0          0          0          0          0   libshutdown.o
         2          0          0          0          0          0   libshutdown2.o
         8          4          0          0         96         68   libspace.o
       112         18          0          0        228        160   rand.o
         0          0          0          0          0          0   rtentry.o
        12          0          0          0          0          0   rtentry2.o
         6          0          0          0          0          0   rtentry4.o
         2          0          0          0          0          0   rtexit.o
        10          0          0          0          0          0   rtexit2.o
        12          4          0          0          0         68   sys_exit.o
        74          0          0          0          0         80   sys_stackheap_outer.o
         2          0          0          0          0         68   use_no_semi.o

    ----------------------------------------------------------------------
       388         34          0          0        328        736   Library Totals
         6          0          0          0          4          0   (incl. Padding)

    ----------------------------------------------------------------------

      Code (inc. data)   RO Data    RW Data    ZI Data      Debug   Library Name

       382         34          0          0        324        736   c_w.l

    ----------------------------------------------------------------------
       388         34          0          0        328        736   Library Totals

    ----------------------------------------------------------------------

==============================================================================


      Code (inc. data)   RO Data    RW Data    ZI Data      Debug   

      6244       1370       1804        140       2924      37489   Grand Totals
      6244       1370       1804        140       2924      37489   ELF Image Totals
      6244       1370       1804        140          0          0   ROM Totals

==============================================================================

    Total RO  Size (Code + RO Data)                 8048 (   7.86kB)
    Total RW  Size (RW Data + ZI Data)              3064 (   2.99kB)
    Total ROM Size (Code + RO Data + RW Data)       8188 (   8.00kB)

==============================================================================

